// Jest Snapshot v1, https://goo.gl/fbAQLP

exports[`Movie Details Page tests Should match the snapshot for "MovieDetailsPage" screen 1`] = `
<DocumentFragment>
  <p>
    Loading...
  </p>
</DocumentFragment>
`;
