// Jest Snapshot v1, https://goo.gl/fbAQLP

exports[`Watch Later page tests Should match the snapshot for "WatchPage" screen 1`] = `
<DocumentFragment>
  <h2
    class="sc-fzqBkg frbgpf"
  >
    My Watch List
  </h2>
  <section
    class="sc-fznMAR kJIjAt"
  >
    <p
      class="sc-fzolEj bQKqPZ"
    >
      You saved movies will appear here!
    </p>
    <img
      alt="You saved movies will appear here!"
      class="sc-fznWOq kwxMvj"
      src="cinema.svg"
    />
  </section>
</DocumentFragment>
`;
